test
+- run test w
Training completed: epochs=2, loss=0.0001587825
failed command: ".\\.zig-cache\\o\\30092f0b332c0dd6c1ec188895ef0919\\test.exe" "--cache-dir=.\\.zig-cache" --seed=0xd251b503 --listen=-

Build Summary: 4/4 steps succeeded; 194/198 tests passed (4 skipped)
test success
+- run test 194 pass, 4 skip (198 total) 203ms MaxRSS:10M
   +- compile test Debug native success 6s MaxRSS:603M
      +- options cached

